// Jest Snapshot v1, https://goo.gl/fbAQLP

exports[`App should shallow render 1`] = `
<div
  className="App"
>
  <h1>
    Hello, 
    test
    . Reducer state is 
  </h1>
  <button>
    Change redux state text
  </button>
</div>
`;
